Archive member included to satisfy reference by file (symbol)

c:/ac6/systemworkbench/plugins/fr.ac6.mcu.externaltools.arm-none.win32_1.15.0.201708311556/tools/compiler/bin/../lib/gcc/arm-none-eabi/6.3.1/../../../../arm-none-eabi/lib/thumb/v7e-m/fpv4-sp/hard\libc_nano.a(lib_a-exit.o)
                              c:/ac6/systemworkbench/plugins/fr.ac6.mcu.externaltools.arm-none.win32_1.15.0.201708311556/tools/compiler/bin/../lib/gcc/arm-none-eabi/6.3.1/../../../../arm-none-eabi/lib/thumb/v7e-m/fpv4-sp/hard/crt0.o (exit)
c:/ac6/systemworkbench/plugins/fr.ac6.mcu.externaltools.arm-none.win32_1.15.0.201708311556/tools/compiler/bin/../lib/gcc/arm-none-eabi/6.3.1/../../../../arm-none-eabi/lib/thumb/v7e-m/fpv4-sp/hard\libc_nano.a(lib_a-impure.o)
                              c:/ac6/systemworkbench/plugins/fr.ac6.mcu.externaltools.arm-none.win32_1.15.0.201708311556/tools/compiler/bin/../lib/gcc/arm-none-eabi/6.3.1/../../../../arm-none-eabi/lib/thumb/v7e-m/fpv4-sp/hard\libc_nano.a(lib_a-exit.o) (_global_impure_ptr)
c:/ac6/systemworkbench/plugins/fr.ac6.mcu.externaltools.arm-none.win32_1.15.0.201708311556/tools/compiler/bin/../lib/gcc/arm-none-eabi/6.3.1/../../../../arm-none-eabi/lib/thumb/v7e-m/fpv4-sp/hard\libc_nano.a(lib_a-init.o)
                              c:/ac6/systemworkbench/plugins/fr.ac6.mcu.externaltools.arm-none.win32_1.15.0.201708311556/tools/compiler/bin/../lib/gcc/arm-none-eabi/6.3.1/../../../../arm-none-eabi/lib/thumb/v7e-m/fpv4-sp/hard/crt0.o (__libc_init_array)
c:/ac6/systemworkbench/plugins/fr.ac6.mcu.externaltools.arm-none.win32_1.15.0.201708311556/tools/compiler/bin/../lib/gcc/arm-none-eabi/6.3.1/../../../../arm-none-eabi/lib/thumb/v7e-m/fpv4-sp/hard\libc_nano.a(lib_a-memset.o)
                              c:/ac6/systemworkbench/plugins/fr.ac6.mcu.externaltools.arm-none.win32_1.15.0.201708311556/tools/compiler/bin/../lib/gcc/arm-none-eabi/6.3.1/../../../../arm-none-eabi/lib/thumb/v7e-m/fpv4-sp/hard/crt0.o (memset)
c:/ac6/systemworkbench/plugins/fr.ac6.mcu.externaltools.arm-none.win32_1.15.0.201708311556/tools/compiler/bin/../lib/gcc/arm-none-eabi/6.3.1/../../../../arm-none-eabi/lib/thumb/v7e-m/fpv4-sp/hard\libnosys.a(_exit.o)
                              c:/ac6/systemworkbench/plugins/fr.ac6.mcu.externaltools.arm-none.win32_1.15.0.201708311556/tools/compiler/bin/../lib/gcc/arm-none-eabi/6.3.1/../../../../arm-none-eabi/lib/thumb/v7e-m/fpv4-sp/hard\libc_nano.a(lib_a-exit.o) (_exit)

Allocating common symbols
Common symbol       size              file

retSD               0x1               Src/fatfs.o
uwTick              0x4               Drivers/STM32F4xx_HAL_Driver/Src/stm32f4xx_hal.o
pFlash              0x20              Drivers/STM32F4xx_HAL_Driver/Src/stm32f4xx_hal_flash.o
SDPath              0x4               Src/fatfs.o
hsd                 0x84              Src/main.o
SDFile              0x22c             Src/fatfs.o
SDFatFS             0x230             Src/fatfs.o

Discarded input sections

 .text          0x00000000        0x0 c:/ac6/systemworkbench/plugins/fr.ac6.mcu.externaltools.arm-none.win32_1.15.0.201708311556/tools/compiler/bin/../lib/gcc/arm-none-eabi/6.3.1/thumb/v7e-m/fpv4-sp/hard/crti.o
 .data          0x00000000        0x0 c:/ac6/systemworkbench/plugins/fr.ac6.mcu.externaltools.arm-none.win32_1.15.0.201708311556/tools/compiler/bin/../lib/gcc/arm-none-eabi/6.3.1/thumb/v7e-m/fpv4-sp/hard/crti.o
 .bss           0x00000000        0x0 c:/ac6/systemworkbench/plugins/fr.ac6.mcu.externaltools.arm-none.win32_1.15.0.201708311556/tools/compiler/bin/../lib/gcc/arm-none-eabi/6.3.1/thumb/v7e-m/fpv4-sp/hard/crti.o
 .data          0x00000000        0x4 c:/ac6/systemworkbench/plugins/fr.ac6.mcu.externaltools.arm-none.win32_1.15.0.201708311556/tools/compiler/bin/../lib/gcc/arm-none-eabi/6.3.1/thumb/v7e-m/fpv4-sp/hard/crtbegin.o
 .text          0x00000000       0x74 c:/ac6/systemworkbench/plugins/fr.ac6.mcu.externaltools.arm-none.win32_1.15.0.201708311556/tools/compiler/bin/../lib/gcc/arm-none-eabi/6.3.1/../../../../arm-none-eabi/lib/thumb/v7e-m/fpv4-sp/hard/crt0.o
 .data          0x00000000        0x0 c:/ac6/systemworkbench/plugins/fr.ac6.mcu.externaltools.arm-none.win32_1.15.0.201708311556/tools/compiler/bin/../lib/gcc/arm-none-eabi/6.3.1/../../../../arm-none-eabi/lib/thumb/v7e-m/fpv4-sp/hard/crt0.o
 .bss           0x00000000        0x0 c:/ac6/systemworkbench/plugins/fr.ac6.mcu.externaltools.arm-none.win32_1.15.0.201708311556/tools/compiler/bin/../lib/gcc/arm-none-eabi/6.3.1/../../../../arm-none-eabi/lib/thumb/v7e-m/fpv4-sp/hard/crt0.o
 .ARM.extab     0x00000000        0x0 c:/ac6/systemworkbench/plugins/fr.ac6.mcu.externaltools.arm-none.win32_1.15.0.201708311556/tools/compiler/bin/../lib/gcc/arm-none-eabi/6.3.1/../../../../arm-none-eabi/lib/thumb/v7e-m/fpv4-sp/hard/crt0.o
[...]
Memory Configuration

Name             Origin             Length             Attributes
RAM              0x20000000         0x00020000         xrw
CCMRAM           0x10000000         0x00010000         rw
FLASH            0x08000000         0x00100000         xr
*default*        0x00000000         0xffffffff

Linker script and memory map

LOAD c:/ac6/systemworkbench/plugins/fr.ac6.mcu.externaltools.arm-none.win32_1.15.0.201708311556/tools/compiler/bin/../lib/gcc/arm-none-eabi/6.3.1/thumb/v7e-m/fpv4-sp/hard/crti.o
LOAD c:/ac6/systemworkbench/plugins/fr.ac6.mcu.externaltools.arm-none.win32_1.15.0.201708311556/tools/compiler/bin/../lib/gcc/arm-none-eabi/6.3.1/thumb/v7e-m/fpv4-sp/hard/crtbegin.o
LOAD c:/ac6/systemworkbench/plugins/fr.ac6.mcu.externaltools.arm-none.win32_1.15.0.201708311556/tools/compiler/bin/../lib/gcc/arm-none-eabi/6.3.1/../../../../arm-none-eabi/lib/thumb/v7e-m/fpv4-sp/hard/crt0.o
LOAD Drivers/STM32F4xx_HAL_Driver/Src/stm32f4xx_hal.o
LOAD Drivers/STM32F4xx_HAL_Driver/Src/stm32f4xx_hal_cortex.o
LOAD Drivers/STM32F4xx_HAL_Driver/Src/stm32f4xx_hal_dma.o
LOAD Drivers/STM32F4xx_HAL_Driver/Src/stm32f4xx_hal_dma_ex.o
LOAD Drivers/STM32F4xx_HAL_Driver/Src/stm32f4xx_hal_flash.o
LOAD Drivers/STM32F4xx_HAL_Driver/Src/stm32f4xx_hal_flash_ex.o
LOAD Drivers/STM32F4xx_HAL_Driver/Src/stm32f4xx_hal_flash_ramfunc.o
LOAD Drivers/STM32F4xx_HAL_Driver/Src/stm32f4xx_hal_gpio.o
LOAD Drivers/STM32F4xx_HAL_Driver/Src/stm32f4xx_hal_pwr.o
LOAD Drivers/STM32F4xx_HAL_Driver/Src/stm32f4xx_hal_pwr_ex.o
LOAD Drivers/STM32F4xx_HAL_Driver/Src/stm32f4xx_hal_rcc.o
LOAD Drivers/STM32F4xx_HAL_Driver/Src/stm32f4xx_hal_rcc_ex.o
LOAD Drivers/STM32F4xx_HAL_Driver/Src/stm32f4xx_hal_sd.o
LOAD Drivers/STM32F4xx_HAL_Driver/Src/stm32f4xx_hal_tim.o
LOAD Drivers/STM32F4xx_HAL_Driver/Src/stm32f4xx_hal_tim_ex.o
LOAD Drivers/STM32F4xx_HAL_Driver/Src/stm32f4xx_ll_sdmmc.o
LOAD Middlewares/Third_Party/FatFs/src/diskio.o
LOAD Middlewares/Third_Party/FatFs/src/ff.o
LOAD Middlewares/Third_Party/FatFs/src/ff_gen_drv.o
LOAD Middlewares/Third_Party/FatFs/src/drivers/sd_diskio.o
LOAD Middlewares/Third_Party/FatFs/src/option/syscall.o
LOAD Src/bsp_driver_sd.o
LOAD Src/fatfs.o
LOAD Src/main.o
LOAD Src/stm32f4xx_hal_msp.o
LOAD Src/stm32f4xx_it.o
LOAD Src/system_stm32f4xx.o
LOAD startup/startup_stm32f407xx.o
LOAD c:/ac6/systemworkbench/plugins/fr.ac6.mcu.externaltools.arm-none.win32_1.15.0.201708311556/tools/compiler/bin/../lib/gcc/arm-none-eabi/6.3.1/../../../../arm-none-eabi/lib/thumb/v7e-m/fpv4-sp/hard\libm.a
START GROUP
LOAD c:/ac6/systemworkbench/plugins/fr.ac6.mcu.externaltools.arm-none.win32_1.15.0.201708311556/tools/compiler/bin/../lib/gcc/arm-none-eabi/6.3.1/thumb/v7e-m/fpv4-sp/hard\libgcc.a
LOAD c:/ac6/systemworkbench/plugins/fr.ac6.mcu.externaltools.arm-none.win32_1.15.0.201708311556/tools/compiler/bin/../lib/gcc/arm-none-eabi/6.3.1/../../../../arm-none-eabi/lib/thumb/v7e-m/fpv4-sp/hard\libc_nano.a
END GROUP
START GROUP
LOAD c:/ac6/systemworkbench/plugins/fr.ac6.mcu.externaltools.arm-none.win32_1.15.0.201708311556/tools/compiler/bin/../lib/gcc/arm-none-eabi/6.3.1/thumb/v7e-m/fpv4-sp/hard\libgcc.a
LOAD c:/ac6/systemworkbench/plugins/fr.ac6.mcu.externaltools.arm-none.win32_1.15.0.201708311556/tools/compiler/bin/../lib/gcc/arm-none-eabi/6.3.1/../../../../arm-none-eabi/lib/thumb/v7e-m/fpv4-sp/hard\libc_nano.a
LOAD c:/ac6/systemworkbench/plugins/fr.ac6.mcu.externaltools.arm-none.win32_1.15.0.201708311556/tools/compiler/bin/../lib/gcc/arm-none-eabi/6.3.1/../../../../arm-none-eabi/lib/thumb/v7e-m/fpv4-sp/hard\libnosys.a
END GROUP
START GROUP
LOAD c:/ac6/systemworkbench/plugins/fr.ac6.mcu.externaltools.arm-none.win32_1.15.0.201708311556/tools/compiler/bin/../lib/gcc/arm-none-eabi/6.3.1/thumb/v7e-m/fpv4-sp/hard\libgcc.a
LOAD c:/ac6/systemworkbench/plugins/fr.ac6.mcu.externaltools.arm-none.win32_1.15.0.201708311556/tools/compiler/bin/../lib/gcc/arm-none-eabi/6.3.1/../../../../arm-none-eabi/lib/thumb/v7e-m/fpv4-sp/hard\libc_nano.a
LOAD c:/ac6/systemworkbench/plugins/fr.ac6.mcu.externaltools.arm-none.win32_1.15.0.201708311556/tools/compiler/bin/../lib/gcc/arm-none-eabi/6.3.1/../../../../arm-none-eabi/lib/thumb/v7e-m/fpv4-sp/hard\libnosys.a
END GROUP
LOAD c:/ac6/systemworkbench/plugins/fr.ac6.mcu.externaltools.arm-none.win32_1.15.0.201708311556/tools/compiler/bin/../lib/gcc/arm-none-eabi/6.3.1/thumb/v7e-m/fpv4-sp/hard/crtend.o
LOAD c:/ac6/systemworkbench/plugins/fr.ac6.mcu.externaltools.arm-none.win32_1.15.0.201708311556/tools/compiler/bin/../lib/gcc/arm-none-eabi/6.3.1/thumb/v7e-m/fpv4-sp/hard/crtn.o
                0x20020000                _estack = 0x20020000
                0x00002000                _Min_Heap_Size = 0x2000
                0x00004000                _Min_Stack_Size = 0x4000

.isr_vector     0x08000000      0x188
                0x08000000                . = ALIGN (0x4)
 *(.isr_vector)
 .isr_vector    0x08000000      0x188 startup/startup_stm32f407xx.o
                0x08000000                g_pfnVectors
                0x08000188                . = ALIGN (0x4)

.text           0x08000188     0x3728
                0x08000188                . = ALIGN (0x4)
 *(.text)
 .text          0x08000188       0x6c c:/ac6/systemworkbench/plugins/fr.ac6.mcu.externaltools.arm-none.win32_1.15.0.201708311556/tools/compiler/bin/../lib/gcc/arm-none-eabi/6.3.1/thumb/v7e-m/fpv4-sp/hard/crtbegin.o
 *(.text*)
 .text.HAL_InitTick
                0x080001f4       0x2c Drivers/STM32F4xx_HAL_Driver/Src/stm32f4xx_hal.o
                0x080001f4                HAL_InitTick
 .text.HAL_Init
                0x08000220       0x34 Drivers/STM32F4xx_HAL_Driver/Src/stm32f4xx_hal.o
                0x08000220                HAL_Init
 .text.HAL_IncTick
                0x08000254       0x10 Drivers/STM32F4xx_HAL_Driver/Src/stm32f4xx_hal.o
                0x08000254                HAL_IncTick
 .text.HAL_GetTick
                0x08000264        0xc Drivers/STM32F4xx_HAL_Driver/Src/stm32f4xx_hal.o
                0x08000264                HAL_GetTick
 .text.HAL_Delay
                0x08000270       0x24 Drivers/STM32F4xx_HAL_Driver/Src/stm32f4xx_hal.o
                0x08000270                HAL_Delay
 .text.HAL_NVIC_SetPriorityGrouping
                0x08000294       0x24 Drivers/STM32F4xx_HAL_Driver/Src/stm32f4xx_hal_cortex.o
                0x08000294                HAL_NVIC_SetPriorityGrouping
 .text.HAL_NVIC_SetPriority
                0x080002b8       0x64 Drivers/STM32F4xx_HAL_Driver/Src/stm32f4xx_hal_cortex.o
                0x080002b8                HAL_NVIC_SetPriority
 .text.HAL_SYSTICK_Config
                0x0800031c       0x2c Drivers/STM32F4xx_HAL_Driver/Src/stm32f4xx_hal_cortex.o
                0x0800031c                HAL_SYSTICK_Config
 .text.HAL_SYSTICK_CLKSourceConfig
                0x08000348       0x20 Drivers/STM32F4xx_HAL_Driver/Src/stm32f4xx_hal_cortex.o
                0x08000348                HAL_SYSTICK_CLKSourceConfig
 .text.HAL_SYSTICK_Callback
                0x08000368        0x2 Drivers/STM32F4xx_HAL_Driver/Src/stm32f4xx_hal_cortex.o
                0x08000368                HAL_SYSTICK_Callback
 .text.HAL_SYSTICK_IRQHandler
                0x0800036a        0x8 Drivers/STM32F4xx_HAL_Driver/Src/stm32f4xx_hal_cortex.o
                0x0800036a                HAL_SYSTICK_IRQHandler
 *fill*         0x08000372        0x2 
 .text.HAL_GPIO_Init
                0x08000374      0x1cc Drivers/STM32F4xx_HAL_Driver/Src/stm32f4xx_hal_gpio.o
                0x08000374                HAL_GPIO_Init
 .text.HAL_GPIO_WritePin
                0x08000540        0xc Drivers/STM32F4xx_HAL_Driver/Src/stm32f4xx_hal_gpio.o
                0x08000540                HAL_GPIO_WritePin
 .text.HAL_GPIO_TogglePin
                0x0800054c        0x8 Drivers/STM32F4xx_HAL_Driver/Src/stm32f4xx_hal_gpio.o
                0x0800054c                HAL_GPIO_TogglePin
 .text.HAL_RCC_OscConfig
                0x08000554      0x3b0 Drivers/STM32F4xx_HAL_Driver/Src/stm32f4xx_hal_rcc.o
                0x08000554                HAL_RCC_OscConfig
 .text.HAL_RCC_GetSysClockFreq
                0x08000904       0x94 Drivers/STM32F4xx_HAL_Driver/Src/stm32f4xx_hal_rcc.o
                0x08000904                HAL_RCC_GetSysClockFreq
 .text.HAL_RCC_ClockConfig
                0x08000998      0x19c Drivers/STM32F4xx_HAL_Driver/Src/stm32f4xx_hal_rcc.o
                0x08000998                HAL_RCC_ClockConfig
 .text.HAL_RCC_GetHCLKFreq
                0x08000b34        0xc Drivers/STM32F4xx_HAL_Driver/Src/stm32f4xx_hal_rcc.o
                0x08000b34                HAL_RCC_GetHCLKFreq
 .text.SD_PowerON
                0x08000b40       0xdc Drivers/STM32F4xx_HAL_Driver/Src/stm32f4xx_hal_sd.o
 .text.SD_SendStatus
                0x08000c1c       0x2a Drivers/STM32F4xx_HAL_Driver/Src/stm32f4xx_hal_sd.o
 .text.HAL_SD_ReadBlocks
                0x08000c46      0x220 Drivers/STM32F4xx_HAL_Driver/Src/stm32f4xx_hal_sd.o
                0x08000c46                HAL_SD_ReadBlocks
 .text.HAL_SD_WriteBlocks
                0x08000e66      0x1e6 Drivers/STM32F4xx_HAL_Driver/Src/stm32f4xx_hal_sd.o
                0x08000e66                HAL_SD_WriteBlocks
 .text.HAL_SD_GetCardCSD
                0x0800104c      0x1e4 Drivers/STM32F4xx_HAL_Driver/Src/stm32f4xx_hal_sd.o
                0x0800104c                HAL_SD_GetCardCSD
 .text.SD_InitCard
                0x08001230       0xf4 Drivers/STM32F4xx_HAL_Driver/Src/stm32f4xx_hal_sd.o
 .text.HAL_SD_InitCard
                0x08001324       0x78 Drivers/STM32F4xx_HAL_Driver/Src/stm32f4xx_hal_sd.o
                0x08001324                HAL_SD_InitCard
 .text.HAL_SD_Init
                0x0800139c       0x32 Drivers/STM32F4xx_HAL_Driver/Src/stm32f4xx_hal_sd.o
                0x0800139c                HAL_SD_Init
 .text.HAL_SD_GetCardInfo
                0x080013ce       0x24 Drivers/STM32F4xx_HAL_Driver/Src/stm32f4xx_hal_sd.o
                0x080013ce                HAL_SD_GetCardInfo
 .text.HAL_SD_GetCardState
                0x080013f2       0x26 Drivers/STM32F4xx_HAL_Driver/Src/stm32f4xx_hal_sd.o
                0x080013f2                HAL_SD_GetCardState
 .text.SDMMC_GetCmdError
                0x08001418       0x3c Drivers/STM32F4xx_HAL_Driver/Src/stm32f4xx_ll_sdmmc.o
 .text.SDMMC_GetCmdResp2
                0x08001454       0x5c Drivers/STM32F4xx_HAL_Driver/Src/stm32f4xx_ll_sdmmc.o
 .text.SDMMC_GetCmdResp3
                0x080014b0       0x4c Drivers/STM32F4xx_HAL_Driver/Src/stm32f4xx_ll_sdmmc.o
 .text.SDMMC_GetCmdResp7
                0x080014fc       0x54 Drivers/STM32F4xx_HAL_Driver/Src/stm32f4xx_ll_sdmmc.o
 .text.SDIO_Init
                0x08001550       0x38 Drivers/STM32F4xx_HAL_Driver/Src/stm32f4xx_ll_sdmmc.o
                0x08001550                SDIO_Init
 .text.SDIO_ReadFIFO
                0x08001588        0x6 Drivers/STM32F4xx_HAL_Driver/Src/stm32f4xx_ll_sdmmc.o
                0x08001588                SDIO_ReadFIFO
 .text.SDIO_WriteFIFO
                0x0800158e        0xa Drivers/STM32F4xx_HAL_Driver/Src/stm32f4xx_ll_sdmmc.o
                0x0800158e                SDIO_WriteFIFO
 .text.SDIO_PowerState_ON
                0x08001598        0x8 Drivers/STM32F4xx_HAL_Driver/Src/stm32f4xx_ll_sdmmc.o
                0x08001598                SDIO_PowerState_ON
 .text.SDIO_GetPowerState
                0x080015a0        0x8 Drivers/STM32F4xx_HAL_Driver/Src/stm32f4xx_ll_sdmmc.o
                0x080015a0                SDIO_GetPowerState
 .text.SDIO_SendCommand
                0x080015a8       0x24 Drivers/STM32F4xx_HAL_Driver/Src/stm32f4xx_ll_sdmmc.o
                0x080015a8                SDIO_SendCommand
 .text.SDIO_GetCommandResponse
                0x080015cc        0x6 Drivers/STM32F4xx_HAL_Driver/Src/stm32f4xx_ll_sdmmc.o
                0x080015cc                SDIO_GetCommandResponse
 .text.SDIO_GetResponse
                0x080015d2       0x14 Drivers/STM32F4xx_HAL_Driver/Src/stm32f4xx_ll_sdmmc.o
                0x080015d2                SDIO_GetResponse
 *fill*         0x080015e6        0x2 
 .text.SDMMC_GetCmdResp1
                0x080015e8      0x158 Drivers/STM32F4xx_HAL_Driver/Src/stm32f4xx_ll_sdmmc.o
 .text.SDMMC_GetCmdResp6
                0x08001740       0xa0 Drivers/STM32F4xx_HAL_Driver/Src/stm32f4xx_ll_sdmmc.o
 .text.SDIO_ConfigData
                0x080017e0       0x24 Drivers/STM32F4xx_HAL_Driver/Src/stm32f4xx_ll_sdmmc.o
                0x080017e0                SDIO_ConfigData
 .text.SDMMC_CmdBlockLength
                0x08001804       0x30 Drivers/STM32F4xx_HAL_Driver/Src/stm32f4xx_ll_sdmmc.o
                0x08001804                SDMMC_CmdBlockLength
 .text.SDMMC_CmdReadSingleBlock
                0x08001834       0x30 Drivers/STM32F4xx_HAL_Driver/Src/stm32f4xx_ll_sdmmc.o
                0x08001834                SDMMC_CmdReadSingleBlock
 .text.SDMMC_CmdReadMultiBlock
                0x08001864       0x30 Drivers/STM32F4xx_HAL_Driver/Src/stm32f4xx_ll_sdmmc.o
                0x08001864                SDMMC_CmdReadMultiBlock
 .text.SDMMC_CmdWriteSingleBlock
                0x08001894       0x30 Drivers/STM32F4xx_HAL_Driver/Src/stm32f4xx_ll_sdmmc.o
                0x08001894                SDMMC_CmdWriteSingleBlock
 .text.SDMMC_CmdWriteMultiBlock
                0x080018c4       0x30 Drivers/STM32F4xx_HAL_Driver/Src/stm32f4xx_ll_sdmmc.o
                0x080018c4                SDMMC_CmdWriteMultiBlock
 .text.SDMMC_CmdStopTransfer
                0x080018f4       0x34 Drivers/STM32F4xx_HAL_Driver/Src/stm32f4xx_ll_sdmmc.o
                0x080018f4                SDMMC_CmdStopTransfer
 .text.SDMMC_CmdSelDesel
                0x08001928       0x30 Drivers/STM32F4xx_HAL_Driver/Src/stm32f4xx_ll_sdmmc.o
                0x08001928                SDMMC_CmdSelDesel
 .text.SDMMC_CmdGoIdleState
                0x08001958       0x26 Drivers/STM32F4xx_HAL_Driver/Src/stm32f4xx_ll_sdmmc.o
                0x08001958                SDMMC_CmdGoIdleState
 .text.SDMMC_CmdOperCond
                0x0800197e       0x2e Drivers/STM32F4xx_HAL_Driver/Src/stm32f4xx_ll_sdmmc.o
                0x0800197e                SDMMC_CmdOperCond
 .text.SDMMC_CmdAppCommand
                0x080019ac       0x30 Drivers/STM32F4xx_HAL_Driver/Src/stm32f4xx_ll_sdmmc.o
                0x080019ac                SDMMC_CmdAppCommand
 .text.SDMMC_CmdAppOperCommand
                0x080019dc       0x32 Drivers/STM32F4xx_HAL_Driver/Src/stm32f4xx_ll_sdmmc.o
                0x080019dc                SDMMC_CmdAppOperCommand
 .text.SDMMC_CmdSendCID
                0x08001a0e       0x2a Drivers/STM32F4xx_HAL_Driver/Src/stm32f4xx_ll_sdmmc.o
                0x08001a0e                SDMMC_CmdSendCID
 .text.SDMMC_CmdSendCSD
                0x08001a38       0x2a Drivers/STM32F4xx_HAL_Driver/Src/stm32f4xx_ll_sdmmc.o
                0x08001a38                SDMMC_CmdSendCSD
 .text.SDMMC_CmdSetRelAdd
                0x08001a62       0x30 Drivers/STM32F4xx_HAL_Driver/Src/stm32f4xx_ll_sdmmc.o
                0x08001a62                SDMMC_CmdSetRelAdd
 .text.SDMMC_CmdSendStatus
                0x08001a92       0x30 Drivers/STM32F4xx_HAL_Driver/Src/stm32f4xx_ll_sdmmc.o
                0x08001a92                SDMMC_CmdSendStatus
 *fill*         0x08001ac2        0x2 
 .text.disk_status
                0x08001ac4       0x18 Middlewares/Third_Party/FatFs/src/diskio.o
                0x08001ac4                disk_status
 .text.disk_initialize
                0x08001adc       0x28 Middlewares/Third_Party/FatFs/src/diskio.o
                0x08001adc                disk_initialize
 .text.disk_read
                0x08001b04       0x18 Middlewares/Third_Party/FatFs/src/diskio.o
                0x08001b04                disk_read
 .text.disk_write
                0x08001b1c       0x18 Middlewares/Third_Party/FatFs/src/diskio.o
                0x08001b1c                disk_write
 .text.disk_ioctl
                0x08001b34       0x18 Middlewares/Third_Party/FatFs/src/diskio.o
                0x08001b34                disk_ioctl
 .text.mem_cpy  0x08001b4c       0x14 Middlewares/Third_Party/FatFs/src/ff.o
 .text.mem_set  0x08001b60       0x10 Middlewares/Third_Party/FatFs/src/ff.o
 .text.mem_cmp  0x08001b70       0x22 Middlewares/Third_Party/FatFs/src/ff.o
 .text.chk_chr  0x08001b92       0x10 Middlewares/Third_Party/FatFs/src/ff.o
 *fill*         0x08001ba2        0x2 
 .text.chk_lock
                0x08001ba4       0x8c Middlewares/Third_Party/FatFs/src/ff.o
 .text.enq_lock
                0x08001c30       0x24 Middlewares/Third_Party/FatFs/src/ff.o
 .text.inc_lock
                0x08001c54       0xd0 Middlewares/Third_Party/FatFs/src/ff.o
 .text.dec_lock
                0x08001d24       0x44 Middlewares/Third_Party/FatFs/src/ff.o
 .text.clear_lock
                0x08001d68       0x38 Middlewares/Third_Party/FatFs/src/ff.o
 .text.clmt_clust
                0x08001da0       0x28 Middlewares/Third_Party/FatFs/src/ff.o
 .text.ld_clust
                0x08001dc8       0x22 Middlewares/Third_Party/FatFs/src/ff.o
 .text.st_clust
                0x08001dea       0x12 Middlewares/Third_Party/FatFs/src/ff.o
 .text.create_name
                0x08001dfc      0x120 Middlewares/Third_Party/FatFs/src/ff.o
 .text.get_ldnumber
                0x08001f1c       0x54 Middlewares/Third_Party/FatFs/src/ff.o
 .text.sync_window
                0x08001f70       0x64 Middlewares/Third_Party/FatFs/src/ff.o
 .text.move_window
                0x08001fd4       0x3a Middlewares/Third_Party/FatFs/src/ff.o
 *fill*         0x0800200e        0x2 
 .text.check_fs
                0x08002010       0x94 Middlewares/Third_Party/FatFs/src/ff.o
 .text.validate
                0x080020a4       0x42 Middlewares/Third_Party/FatFs/src/ff.o
 *fill*         0x080020e6        0x2 
 .text.find_volume
                0x080020e8      0x36c Middlewares/Third_Party/FatFs/src/ff.o
 .text.sync_fs  0x08002454       0xc2 Middlewares/Third_Party/FatFs/src/ff.o
 .text.clust2sect
                0x08002516       0x1e Middlewares/Third_Party/FatFs/src/ff.o
                0x08002516                clust2sect
 .text.get_fat  0x08002534       0xda Middlewares/Third_Party/FatFs/src/ff.o
                0x08002534                get_fat
 .text.dir_sdi  0x0800260e       0xb6 Middlewares/Third_Party/FatFs/src/ff.o
 .text.put_fat  0x080026c4      0x124 Middlewares/Third_Party/FatFs/src/ff.o
                0x080026c4                put_fat
 .text.create_chain
                0x080027e8       0xce Middlewares/Third_Party/FatFs/src/ff.o
 .text.dir_next
                0x080028b6      0x14c Middlewares/Third_Party/FatFs/src/ff.o
 .text.dir_find
                0x08002a02       0x56 Middlewares/Third_Party/FatFs/src/ff.o
 .text.follow_path
                0x08002a58       0x8a Middlewares/Third_Party/FatFs/src/ff.o
 .text.dir_alloc
                0x08002ae2       0x54 Middlewares/Third_Party/FatFs/src/ff.o
 .text.dir_register
                0x08002b36       0x4a Middlewares/Third_Party/FatFs/src/ff.o
 .text.remove_chain
                0x08002b80       0x74 Middlewares/Third_Party/FatFs/src/ff.o
 .text.f_mount  0x08002bf4       0x64 Middlewares/Third_Party/FatFs/src/ff.o
                0x08002bf4                f_mount
 .text.f_open   0x08002c58      0x1c4 Middlewares/Third_Party/FatFs/src/ff.o
                0x08002c58                f_open
 .text.f_write  0x08002e1c      0x22a Middlewares/Third_Party/FatFs/src/ff.o
                0x08002e1c                f_write
 .text.f_sync   0x08003046       0xc6 Middlewares/Third_Party/FatFs/src/ff.o
                0x08003046                f_sync
 .text.f_close  0x0800310c       0x32 Middlewares/Third_Party/FatFs/src/ff.o
                0x0800310c                f_close
 *fill*         0x0800313e        0x2 
 .text.FATFS_LinkDriverEx
                0x08003140       0x4c Middlewares/Third_Party/FatFs/src/ff_gen_drv.o
                0x08003140                FATFS_LinkDriverEx
 .text.FATFS_LinkDriver
                0x0800318c        0xa Middlewares/Third_Party/FatFs/src/ff_gen_drv.o
                0x0800318c                FATFS_LinkDriver
 *fill*         0x08003196        0x2 
 .text.SD_initialize
                0x08003198       0x24 Middlewares/Third_Party/FatFs/src/drivers/sd_diskio.o
                0x08003198                SD_initialize
 .text.SD_status
                0x080031bc       0x24 Middlewares/Third_Party/FatFs/src/drivers/sd_diskio.o
                0x080031bc                SD_status
 .text.SD_read  0x080031e0       0x34 Middlewares/Third_Party/FatFs/src/drivers/sd_diskio.o
                0x080031e0                SD_read
 .text.SD_write
                0x08003214       0x34 Middlewares/Third_Party/FatFs/src/drivers/sd_diskio.o
                0x08003214                SD_write
 .text.SD_ioctl
                0x08003248       0x58 Middlewares/Third_Party/FatFs/src/drivers/sd_diskio.o
                0x08003248                SD_ioctl
 .text.BSP_SD_ReadBlocks
                0x080032a0       0x20 Src/bsp_driver_sd.o
                0x080032a0                BSP_SD_ReadBlocks
 .text.BSP_SD_WriteBlocks
                0x080032c0       0x20 Src/bsp_driver_sd.o
                0x080032c0                BSP_SD_WriteBlocks
 .text.BSP_SD_GetCardState
                0x080032e0       0x14 Src/bsp_driver_sd.o
                0x080032e0                BSP_SD_GetCardState
 .text.BSP_SD_GetCardInfo
                0x080032f4       0x10 Src/bsp_driver_sd.o
                0x080032f4                BSP_SD_GetCardInfo
 .text.BSP_SD_IsDetected
                0x08003304       0x10 Src/bsp_driver_sd.o
                0x08003304                BSP_SD_IsDetected
 .text.BSP_SD_Init
                0x08003314       0x1c Src/bsp_driver_sd.o
                0x08003314                BSP_SD_Init
 .text.MX_FATFS_Init
                0x08003330       0x1c Src/fatfs.o
                0x08003330                MX_FATFS_Init
 .text.get_fattime
                0x0800334c        0x4 Src/fatfs.o
                0x0800334c                get_fattime
 .text.MX_SDIO_SD_Init
                0x08003350       0x20 Src/main.o
 .text.MX_GPIO_Init
                0x08003370      0x21c Src/main.o
 .text._Error_Handler
                0x0800358c        0x2 Src/main.o
                0x0800358c                _Error_Handler
 *fill*         0x0800358e        0x2 
 .text.SystemClock_Config
                0x08003590       0xc4 Src/main.o
                0x08003590                SystemClock_Config
 .text.main     0x08003654       0x84 Src/main.o
                0x08003654                main
 .text.HAL_MspInit
                0x080036d8       0x5e Src/stm32f4xx_hal_msp.o
                0x080036d8                HAL_MspInit
 *fill*         0x08003736        0x2 
 .text.HAL_SD_MspInit
                0x08003738       0x6c Src/stm32f4xx_hal_msp.o
                0x08003738                HAL_SD_MspInit
 .text.SysTick_Handler
                0x080037a4        0xc Src/stm32f4xx_it.o
                0x080037a4                SysTick_Handler
 .text.SystemInit
                0x080037b0       0x4c Src/system_stm32f4xx.o
                0x080037b0                SystemInit
 .text.Reset_Handler
                0x080037fc       0x50 startup/startup_stm32f407xx.o
                0x080037fc                Reset_Handler
 .text.Default_Handler
                0x0800384c        0x2 startup/startup_stm32f407xx.o
                0x0800384c                RTC_Alarm_IRQHandler
                0x0800384c                HASH_RNG_IRQHandler
                0x0800384c                EXTI2_IRQHandler
                0x0800384c                TIM8_CC_IRQHandler
                0x0800384c                DebugMon_Handler
                0x0800384c                TIM1_CC_IRQHandler
                0x0800384c                DMA2_Stream5_IRQHandler
                0x0800384c                HardFault_Handler
                0x0800384c                DMA1_Stream5_IRQHandler
                0x0800384c                PVD_IRQHandler
                0x0800384c                SDIO_IRQHandler
                0x0800384c                TAMP_STAMP_IRQHandler
                0x0800384c                PendSV_Handler
                0x0800384c                NMI_Handler
                0x0800384c                CAN2_RX1_IRQHandler
                0x0800384c                EXTI3_IRQHandler
                0x0800384c                TIM8_TRG_COM_TIM14_IRQHandler
                0x0800384c                TIM1_UP_TIM10_IRQHandler
                0x0800384c                TIM8_UP_TIM13_IRQHandler
                0x0800384c                I2C3_ER_IRQHandler
                0x0800384c                EXTI0_IRQHandler
                0x0800384c                I2C2_EV_IRQHandler
                0x0800384c                DMA1_Stream2_IRQHandler
                0x0800384c                CAN1_RX0_IRQHandler
                0x0800384c                FPU_IRQHandler
                0x0800384c                OTG_HS_WKUP_IRQHandler
                0x0800384c                UsageFault_Handler
                0x0800384c                CAN2_SCE_IRQHandler
                0x0800384c                DMA2_Stream2_IRQHandler
                0x0800384c                SPI1_IRQHandler
                0x0800384c                TIM6_DAC_IRQHandler
                0x0800384c                TIM1_BRK_TIM9_IRQHandler
                0x0800384c                DCMI_IRQHandler
                0x0800384c                CAN2_RX0_IRQHandler
                0x0800384c                DMA2_Stream3_IRQHandler
                0x0800384c                USART6_IRQHandler
                0x0800384c                USART3_IRQHandler
                0x0800384c                CAN1_RX1_IRQHandler
                0x0800384c                UART5_IRQHandler
                0x0800384c                DMA2_Stream0_IRQHandler
                0x0800384c                TIM4_IRQHandler
                0x0800384c                I2C1_EV_IRQHandler
                0x0800384c                DMA1_Stream6_IRQHandler
                0x0800384c                DMA1_Stream1_IRQHandler
                0x0800384c                UART4_IRQHandler
                0x0800384c                TIM3_IRQHandler
                0x0800384c                RCC_IRQHandler
                0x0800384c                TIM8_BRK_TIM12_IRQHandler
                0x0800384c                Default_Handler
                0x0800384c                EXTI15_10_IRQHandler
                0x0800384c                ADC_IRQHandler
                0x0800384c                DMA1_Stream7_IRQHandler
                0x0800384c                TIM7_IRQHandler
                0x0800384c                CAN2_TX_IRQHandler
                0x0800384c                TIM5_IRQHandler
                0x0800384c                DMA2_Stream7_IRQHandler
                0x0800384c                I2C3_EV_IRQHandler
                0x0800384c                EXTI9_5_IRQHandler
                0x0800384c                RTC_WKUP_IRQHandler
                0x0800384c                ETH_WKUP_IRQHandler
                0x0800384c                SPI2_IRQHandler
                0x0800384c                OTG_HS_EP1_IN_IRQHandler
                0x0800384c                MemManage_Handler
                0x0800384c                DMA1_Stream0_IRQHandler
                0x0800384c                CAN1_TX_IRQHandler
                0x0800384c                SVC_Handler
                0x0800384c                EXTI4_IRQHandler
                0x0800384c                FSMC_IRQHandler
                0x0800384c                ETH_IRQHandler
                0x0800384c                OTG_HS_EP1_OUT_IRQHandler
                0x0800384c                WWDG_IRQHandler
                0x0800384c                TIM2_IRQHandler
                0x0800384c                OTG_FS_WKUP_IRQHandler
                0x0800384c                TIM1_TRG_COM_TIM11_IRQHandler
                0x0800384c                OTG_HS_IRQHandler
                0x0800384c                EXTI1_IRQHandler
                0x0800384c                USART2_IRQHandler
                0x0800384c                I2C2_ER_IRQHandler
                0x0800384c                DMA2_Stream1_IRQHandler
                0x0800384c                CAN1_SCE_IRQHandler
                0x0800384c                FLASH_IRQHandler
                0x0800384c                DMA2_Stream4_IRQHandler
                0x0800384c                BusFault_Handler
                0x0800384c                USART1_IRQHandler
                0x0800384c                OTG_FS_IRQHandler
                0x0800384c                SPI3_IRQHandler
                0x0800384c                DMA1_Stream4_IRQHandler
                0x0800384c                I2C1_ER_IRQHandler
                0x0800384c                DMA2_Stream6_IRQHandler
                0x0800384c                DMA1_Stream3_IRQHandler
 *fill*         0x0800384e        0x2 
 .text.__libc_init_array
                0x08003850       0x48 c:/ac6/systemworkbench/plugins/fr.ac6.mcu.externaltools.arm-none.win32_1.15.0.201708311556/tools/compiler/bin/../lib/gcc/arm-none-eabi/6.3.1/../../../../arm-none-eabi/lib/thumb/v7e-m/fpv4-sp/hard\libc_nano.a(lib_a-init.o)
                0x08003850                __libc_init_array
 *(.glue_7)
 .glue_7        0x08003898        0x0 linker stubs
 *(.glue_7t)
 .glue_7t       0x08003898        0x0 linker stubs
 *(.eh_frame)
 .eh_frame      0x08003898        0x0 c:/ac6/systemworkbench/plugins/fr.ac6.mcu.externaltools.arm-none.win32_1.15.0.201708311556/tools/compiler/bin/../lib/gcc/arm-none-eabi/6.3.1/thumb/v7e-m/fpv4-sp/hard/crtbegin.o
 *(.init)
 .init          0x08003898        0x4 c:/ac6/systemworkbench/plugins/fr.ac6.mcu.externaltools.arm-none.win32_1.15.0.201708311556/tools/compiler/bin/../lib/gcc/arm-none-eabi/6.3.1/thumb/v7e-m/fpv4-sp/hard/crti.o
                0x08003898                _init
 .init          0x0800389c        0x8 c:/ac6/systemworkbench/plugins/fr.ac6.mcu.externaltools.arm-none.win32_1.15.0.201708311556/tools/compiler/bin/../lib/gcc/arm-none-eabi/6.3.1/thumb/v7e-m/fpv4-sp/hard/crtn.o
 *(.fini)
 .fini          0x080038a4        0x4 c:/ac6/systemworkbench/plugins/fr.ac6.mcu.externaltools.arm-none.win32_1.15.0.201708311556/tools/compiler/bin/../lib/gcc/arm-none-eabi/6.3.1/thumb/v7e-m/fpv4-sp/hard/crti.o
                0x080038a4                _fini
 .fini          0x080038a8        0x8 c:/ac6/systemworkbench/plugins/fr.ac6.mcu.externaltools.arm-none.win32_1.15.0.201708311556/tools/compiler/bin/../lib/gcc/arm-none-eabi/6.3.1/thumb/v7e-m/fpv4-sp/hard/crtn.o
                0x080038b0                . = ALIGN (0x4)
                0x080038b0                _etext = .

.vfp11_veneer   0x080038b0        0x0
 .vfp11_veneer  0x080038b0        0x0 linker stubs

.v4_bx          0x080038b0        0x0
 .v4_bx         0x080038b0        0x0 linker stubs

.iplt           0x080038b0        0x0
 .iplt          0x080038b0        0x0 c:/ac6/systemworkbench/plugins/fr.ac6.mcu.externaltools.arm-none.win32_1.15.0.201708311556/tools/compiler/bin/../lib/gcc/arm-none-eabi/6.3.1/thumb/v7e-m/fpv4-sp/hard/crtbegin.o

.rodata         0x080038b0      0x13c
                0x080038b0                . = ALIGN (0x4)
 *(.rodata)
 .rodata        0x080038b0       0xae Middlewares/Third_Party/FatFs/src/ff.o
 *fill*         0x0800395e        0x2 
 .rodata        0x08003960       0x14 Middlewares/Third_Party/FatFs/src/drivers/sd_diskio.o
                0x08003960                SD_Driver
 .rodata        0x08003974        0xc Src/main.o
 .rodata        0x08003980       0x18 Src/system_stm32f4xx.o
                0x08003980                AHBPrescTable
                0x08003990                APBPrescTable
 *(.rodata*)
 .rodata.str1.4
                0x08003998       0x44 Middlewares/Third_Party/FatFs/src/ff.o
 .rodata.str1.4
                0x080039dc       0x10 Src/main.o
                                  0xe (size before relaxing)
                0x080039ec                . = ALIGN (0x4)

.rel.dyn        0x080039ec        0x0
 .rel.iplt      0x080039ec        0x0 c:/ac6/systemworkbench/plugins/fr.ac6.mcu.externaltools.arm-none.win32_1.15.0.201708311556/tools/compiler/bin/../lib/gcc/arm-none-eabi/6.3.1/thumb/v7e-m/fpv4-sp/hard/crtbegin.o

.ARM.extab
 *(.ARM.extab* .gnu.linkonce.armextab.*)

.ARM            0x080039ec        0x0
                0x080039ec                __exidx_start = .
 *(.ARM.exidx*)
                0x080039ec                __exidx_end = .

.preinit_array  0x080039ec        0x0
                0x080039ec                PROVIDE (__preinit_array_start, .)
 *(.preinit_array*)
                0x080039ec                PROVIDE (__preinit_array_end, .)

.init_array     0x080039ec        0x4
                0x080039ec                PROVIDE (__init_array_start, .)
 *(SORT(.init_array.*))
 *(.init_array*)
 .init_array    0x080039ec        0x4 c:/ac6/systemworkbench/plugins/fr.ac6.mcu.externaltools.arm-none.win32_1.15.0.201708311556/tools/compiler/bin/../lib/gcc/arm-none-eabi/6.3.1/thumb/v7e-m/fpv4-sp/hard/crtbegin.o
                0x080039f0                PROVIDE (__init_array_end, .)

.fini_array     0x080039f0        0x4
                [!provide]                PROVIDE (__fini_array_start, .)
 *(SORT(.fini_array.*))
 *(.fini_array*)
 .fini_array    0x080039f0        0x4 c:/ac6/systemworkbench/plugins/fr.ac6.mcu.externaltools.arm-none.win32_1.15.0.201708311556/tools/compiler/bin/../lib/gcc/arm-none-eabi/6.3.1/thumb/v7e-m/fpv4-sp/hard/crtbegin.o
                [!provide]                PROVIDE (__fini_array_end, .)
                0x080039f4                _sidata = LOADADDR (.data)

.data           0x20000000        0x8 load address 0x080039f4
                0x20000000                . = ALIGN (0x4)
                0x20000000                _sdata = .
 *(.data)
 .data          0x20000000        0x1 Middlewares/Third_Party/FatFs/src/drivers/sd_diskio.o
 *fill*         0x20000001        0x3 
 .data          0x20000004        0x4 Src/system_stm32f4xx.o
                0x20000004                SystemCoreClock
 *(.data*)
                0x20000008                . = ALIGN (0x4)
                0x20000008                _edata = .
                0x080039fc                _siccmram = LOADADDR (.ccmram)

.jcr            0x20000008        0x0 load address 0x080039fc
 .jcr           0x20000008        0x0 c:/ac6/systemworkbench/plugins/fr.ac6.mcu.externaltools.arm-none.win32_1.15.0.201708311556/tools/compiler/bin/../lib/gcc/arm-none-eabi/6.3.1/thumb/v7e-m/fpv4-sp/hard/crtbegin.o

.igot.plt       0x20000008        0x0 load address 0x080039fc
 .igot.plt      0x20000008        0x0 c:/ac6/systemworkbench/plugins/fr.ac6.mcu.externaltools.arm-none.win32_1.15.0.201708311556/tools/compiler/bin/../lib/gcc/arm-none-eabi/6.3.1/thumb/v7e-m/fpv4-sp/hard/crtbegin.o

.ccmram         0x10000000        0x0 load address 0x080039fc
                0x10000000                . = ALIGN (0x4)
                0x10000000                _sccmram = .
 *(.ccmram)
 *(.ccmram*)
                0x10000000                . = ALIGN (0x4)
                0x10000000                _eccmram = .
                0x10000000                . = ALIGN (0x4)

.bss            0x20000008      0x534
                0x20000008                _sbss = .
                0x20000008                __bss_start__ = _sbss
 *(.bss)
 .bss           0x20000008       0x1c c:/ac6/systemworkbench/plugins/fr.ac6.mcu.externaltools.arm-none.win32_1.15.0.201708311556/tools/compiler/bin/../lib/gcc/arm-none-eabi/6.3.1/thumb/v7e-m/fpv4-sp/hard/crtbegin.o
 .bss           0x20000024       0x1e Middlewares/Third_Party/FatFs/src/ff.o
 *fill*         0x20000042        0x2 
 .bss           0x20000044        0xc Middlewares/Third_Party/FatFs/src/ff_gen_drv.o
                0x20000044                disk
 *(.bss*)
 *(COMMON)
 COMMON         0x20000050        0x4 Drivers/STM32F4xx_HAL_Driver/Src/stm32f4xx_hal.o
                0x20000050                uwTick
 COMMON         0x20000054      0x464 Src/fatfs.o
                0x20000054                retSD
                0x20000058                SDPath
                0x2000005c                SDFile
                0x20000288                SDFatFS
 COMMON         0x200004b8       0x84 Src/main.o
                0x200004b8                hsd
                0x2000053c                . = ALIGN (0x4)
                0x2000053c                _ebss = .
                0x2000053c                __bss_end__ = _ebss

._user_heap_stack
                0x2000053c     0x6004
                0x20000540                . = ALIGN (0x8)
 *fill*         0x2000053c        0x4 
                [!provide]                PROVIDE (end, .)
                [!provide]                PROVIDE (_end, .)
                0x20002540                . = (. + _Min_Heap_Size)
 *fill*         0x20000540     0x2000 
                0x20006540                . = (. + _Min_Stack_Size)
 *fill*         0x20002540     0x4000 
                0x20006540                . = ALIGN (0x8)

/DISCARD/
 libc.a(*)
 libm.a(*)
 libgcc.a(*)

.ARM.attributes
                0x00000000       0x30
 *(.ARM.attributes)
 .ARM.attributes
                0x00000000       0x22 c:/ac6/systemworkbench/plugins/fr.ac6.mcu.externaltools.arm-none.win32_1.15.0.201708311556/tools/compiler/bin/../lib/gcc/arm-none-eabi/6.3.1/thumb/v7e-m/fpv4-sp/hard/crti.o
 .ARM.attributes
                0x00000022       0x34 c:/ac6/systemworkbench/plugins/fr.ac6.mcu.externaltools.arm-none.win32_1.15.0.201708311556/tools/compiler/bin/../lib/gcc/arm-none-eabi/6.3.1/thumb/v7e-m/fpv4-sp/hard/crtbegin.o
 .ARM.attributes
                0x00000056       0x39 Drivers/STM32F4xx_HAL_Driver/Src/stm32f4xx_hal.o
 .ARM.attributes
                0x0000008f       0x39 Drivers/STM32F4xx_HAL_Driver/Src/stm32f4xx_hal_cortex.o
 .ARM.attributes
                0x000000c8       0x39 Drivers/STM32F4xx_HAL_Driver/Src/stm32f4xx_hal_gpio.o
 .ARM.attributes
                0x00000101       0x39 Drivers/STM32F4xx_HAL_Driver/Src/stm32f4xx_hal_rcc.o
 .ARM.attributes
                0x0000013a       0x39 Drivers/STM32F4xx_HAL_Driver/Src/stm32f4xx_hal_sd.o
 .ARM.attributes
                0x00000173       0x39 Drivers/STM32F4xx_HAL_Driver/Src/stm32f4xx_ll_sdmmc.o
 .ARM.attributes
                0x000001ac       0x39 Middlewares/Third_Party/FatFs/src/diskio.o
 .ARM.attributes
                0x000001e5       0x39 Middlewares/Third_Party/FatFs/src/ff.o
 .ARM.attributes
                0x0000021e       0x39 Middlewares/Third_Party/FatFs/src/ff_gen_drv.o
 .ARM.attributes
                0x00000257       0x39 Middlewares/Third_Party/FatFs/src/drivers/sd_diskio.o
 .ARM.attributes
                0x00000290       0x39 Src/bsp_driver_sd.o
 .ARM.attributes
                0x000002c9       0x39 Src/fatfs.o
 .ARM.attributes
                0x00000302       0x39 Src/main.o
 .ARM.attributes
                0x0000033b       0x39 Src/stm32f4xx_hal_msp.o
 .ARM.attributes
                0x00000374       0x39 Src/stm32f4xx_it.o
 .ARM.attributes
                0x000003ad       0x39 Src/system_stm32f4xx.o
 .ARM.attributes
                0x000003e6       0x21 startup/startup_stm32f407xx.o
 .ARM.attributes
                0x00000407       0x34 c:/ac6/systemworkbench/plugins/fr.ac6.mcu.externaltools.arm-none.win32_1.15.0.201708311556/tools/compiler/bin/../lib/gcc/arm-none-eabi/6.3.1/../../../../arm-none-eabi/lib/thumb/v7e-m/fpv4-sp/hard\libc_nano.a(lib_a-init.o)
 .ARM.attributes
                0x0000043b       0x22 c:/ac6/systemworkbench/plugins/fr.ac6.mcu.externaltools.arm-none.win32_1.15.0.201708311556/tools/compiler/bin/../lib/gcc/arm-none-eabi/6.3.1/thumb/v7e-m/fpv4-sp/hard/crtn.o
OUTPUT(TestProject3.elf elf32-littlearm)

.debug_info     0x00000000    0x1690a
 .debug_info    0x00000000     0x119e Drivers/STM32F4xx_HAL_Driver/Src/stm32f4xx_hal.o
 .debug_info    0x0000119e     0x175a Drivers/STM32F4xx_HAL_Driver/Src/stm32f4xx_hal_cortex.o
 .debug_info    0x000028f8      0xf97 Drivers/STM32F4xx_HAL_Driver/Src/stm32f4xx_hal_gpio.o
 .debug_info    0x0000388f     0x1500 Drivers/STM32F4xx_HAL_Driver/Src/stm32f4xx_hal_rcc.o
 .debug_info    0x00004d8f     0x2a6b Drivers/STM32F4xx_HAL_Driver/Src/stm32f4xx_hal_sd.o
 .debug_info    0x000077fa     0x1e61 Drivers/STM32F4xx_HAL_Driver/Src/stm32f4xx_ll_sdmmc.o
 .debug_info    0x0000965b      0xce1 Middlewares/Third_Party/FatFs/src/diskio.o
 .debug_info    0x0000a33c     0x3def Middlewares/Third_Party/FatFs/src/ff.o
 .debug_info    0x0000e12b      0xc60 Middlewares/Third_Party/FatFs/src/ff_gen_drv.o
 .debug_info    0x0000ed8b      0xdb0 Middlewares/Third_Party/FatFs/src/drivers/sd_diskio.o
 .debug_info    0x0000fb3b     0x1383 Src/bsp_driver_sd.o
 .debug_info    0x00010ebe      0xd81 Src/fatfs.o
 .debug_info    0x00011c3f     0x1fe4 Src/main.o
 .debug_info    0x00013c23     0x15a6 Src/stm32f4xx_hal_msp.o
 .debug_info    0x000151c9      0x982 Src/stm32f4xx_it.o
 .debug_info    0x00015b4b      0xd30 Src/system_stm32f4xx.o
 .debug_info    0x0001687b       0x8f startup/startup_stm32f407xx.o

.debug_abbrev   0x00000000     0x2c2c
 .debug_abbrev  0x00000000      0x347 Drivers/STM32F4xx_HAL_Driver/Src/stm32f4xx_hal.o
 .debug_abbrev  0x00000347      0x3d4 Drivers/STM32F4xx_HAL_Driver/Src/stm32f4xx_hal_cortex.o
 .debug_abbrev  0x0000071b      0x2a5 Drivers/STM32F4xx_HAL_Driver/Src/stm32f4xx_hal_gpio.o
 .debug_abbrev  0x000009c0      0x370 Drivers/STM32F4xx_HAL_Driver/Src/stm32f4xx_hal_rcc.o
 .debug_abbrev  0x00000d30      0x2fa Drivers/STM32F4xx_HAL_Driver/Src/stm32f4xx_hal_sd.o
 .debug_abbrev  0x0000102a      0x2b5 Drivers/STM32F4xx_HAL_Driver/Src/stm32f4xx_ll_sdmmc.o
 .debug_abbrev  0x000012df      0x280 Middlewares/Third_Party/FatFs/src/diskio.o
 .debug_abbrev  0x0000155f      0x327 Middlewares/Third_Party/FatFs/src/ff.o
 .debug_abbrev  0x00001886      0x274 Middlewares/Third_Party/FatFs/src/ff_gen_drv.o
 .debug_abbrev  0x00001afa      0x278 Middlewares/Third_Party/FatFs/src/drivers/sd_diskio.o
 .debug_abbrev  0x00001d72      0x2de Src/bsp_driver_sd.o
 .debug_abbrev  0x00002050      0x266 Src/fatfs.o
 .debug_abbrev  0x000022b6      0x32d Src/main.o
 .debug_abbrev  0x000025e3      0x252 Src/stm32f4xx_hal_msp.o
 .debug_abbrev  0x00002835      0x1e0 Src/stm32f4xx_it.o
 .debug_abbrev  0x00002a15      0x205 Src/system_stm32f4xx.o
 .debug_abbrev  0x00002c1a       0x12 startup/startup_stm32f407xx.o

.debug_loc      0x00000000     0x8fed
 .debug_loc     0x00000000       0x91 Drivers/STM32F4xx_HAL_Driver/Src/stm32f4xx_hal.o
 .debug_loc     0x00000091      0x5ce Drivers/STM32F4xx_HAL_Driver/Src/stm32f4xx_hal_cortex.o
 .debug_loc     0x0000065f      0x3fd Drivers/STM32F4xx_HAL_Driver/Src/stm32f4xx_hal_gpio.o
 .debug_loc     0x00000a5c      0x53b Drivers/STM32F4xx_HAL_Driver/Src/stm32f4xx_hal_rcc.o
 .debug_loc     0x00000f97     0x1d4e Drivers/STM32F4xx_HAL_Driver/Src/stm32f4xx_hal_sd.o
 .debug_loc     0x00002ce5     0x1109 Drivers/STM32F4xx_HAL_Driver/Src/stm32f4xx_ll_sdmmc.o
 .debug_loc     0x00003dee      0x1fc Middlewares/Third_Party/FatFs/src/diskio.o
 .debug_loc     0x00003fea     0x445f Middlewares/Third_Party/FatFs/src/ff.o
 .debug_loc     0x00008449      0x21c Middlewares/Third_Party/FatFs/src/ff_gen_drv.o
 .debug_loc     0x00008665      0x41c Middlewares/Third_Party/FatFs/src/drivers/sd_diskio.o
 .debug_loc     0x00008a81      0x3a8 Src/bsp_driver_sd.o
 .debug_loc     0x00008e29       0x2b Src/main.o
 .debug_loc     0x00008e54       0x5b Src/stm32f4xx_hal_msp.o
 .debug_loc     0x00008eaf      0x13e Src/system_stm32f4xx.o

.debug_aranges  0x00000000      0x978
 .debug_aranges
                0x00000000       0xc8 Drivers/STM32F4xx_HAL_Driver/Src/stm32f4xx_hal.o
 .debug_aranges
                0x000000c8       0xa8 Drivers/STM32F4xx_HAL_Driver/Src/stm32f4xx_hal_cortex.o
 .debug_aranges
                0x00000170       0x58 Drivers/STM32F4xx_HAL_Driver/Src/stm32f4xx_hal_gpio.o
 .debug_aranges
                0x000001c8       0x88 Drivers/STM32F4xx_HAL_Driver/Src/stm32f4xx_hal_rcc.o
 .debug_aranges
                0x00000250      0x168 Drivers/STM32F4xx_HAL_Driver/Src/stm32f4xx_hal_sd.o
 .debug_aranges
                0x000003b8      0x178 Drivers/STM32F4xx_HAL_Driver/Src/stm32f4xx_ll_sdmmc.o
 .debug_aranges
                0x00000530       0x48 Middlewares/Third_Party/FatFs/src/diskio.o
 .debug_aranges
                0x00000578      0x1e8 Middlewares/Third_Party/FatFs/src/ff.o
 .debug_aranges
                0x00000760       0x40 Middlewares/Third_Party/FatFs/src/ff_gen_drv.o
 .debug_aranges
                0x000007a0       0x40 Middlewares/Third_Party/FatFs/src/drivers/sd_diskio.o
 .debug_aranges
                0x000007e0       0x90 Src/bsp_driver_sd.o
 .debug_aranges
                0x00000870       0x28 Src/fatfs.o
 .debug_aranges
                0x00000898       0x40 Src/main.o
 .debug_aranges
                0x000008d8       0x30 Src/stm32f4xx_hal_msp.o
 .debug_aranges
                0x00000908       0x20 Src/stm32f4xx_it.o
 .debug_aranges
                0x00000928       0x28 Src/system_stm32f4xx.o
 .debug_aranges
                0x00000950       0x28 startup/startup_stm32f407xx.o

.debug_ranges   0x00000000      0x8d0
 .debug_ranges  0x00000000       0xb8 Drivers/STM32F4xx_HAL_Driver/Src/stm32f4xx_hal.o
 .debug_ranges  0x000000b8       0xf8 Drivers/STM32F4xx_HAL_Driver/Src/stm32f4xx_hal_cortex.o
 .debug_ranges  0x000001b0       0x48 Drivers/STM32F4xx_HAL_Driver/Src/stm32f4xx_hal_gpio.o
 .debug_ranges  0x000001f8       0x78 Drivers/STM32F4xx_HAL_Driver/Src/stm32f4xx_hal_rcc.o
 .debug_ranges  0x00000270      0x158 Drivers/STM32F4xx_HAL_Driver/Src/stm32f4xx_hal_sd.o
 .debug_ranges  0x000003c8      0x168 Drivers/STM32F4xx_HAL_Driver/Src/stm32f4xx_ll_sdmmc.o
 .debug_ranges  0x00000530       0x38 Middlewares/Third_Party/FatFs/src/diskio.o
 .debug_ranges  0x00000568      0x1d8 Middlewares/Third_Party/FatFs/src/ff.o
 .debug_ranges  0x00000740       0x30 Middlewares/Third_Party/FatFs/src/ff_gen_drv.o
 .debug_ranges  0x00000770       0x30 Middlewares/Third_Party/FatFs/src/drivers/sd_diskio.o
 .debug_ranges  0x000007a0       0x80 Src/bsp_driver_sd.o
 .debug_ranges  0x00000820       0x18 Src/fatfs.o
 .debug_ranges  0x00000838       0x30 Src/main.o
 .debug_ranges  0x00000868       0x20 Src/stm32f4xx_hal_msp.o
 .debug_ranges  0x00000888       0x10 Src/stm32f4xx_it.o
 .debug_ranges  0x00000898       0x18 Src/system_stm32f4xx.o
 .debug_ranges  0x000008b0       0x20 startup/startup_stm32f407xx.o

.debug_macro    0x00000000    0x2279c
 .debug_macro   0x00000000      0x36f Drivers/STM32F4xx_HAL_Driver/Src/stm32f4xx_hal.o
 .debug_macro   0x0000036f      0x8bc Drivers/STM32F4xx_HAL_Driver/Src/stm32f4xx_hal.o
 .debug_macro   0x00000c2b      0x191 Drivers/STM32F4xx_HAL_Driver/Src/stm32f4xx_hal.o
 .debug_macro   0x00000dbc      0x17a Drivers/STM32F4xx_HAL_Driver/Src/stm32f4xx_hal.o
 .debug_macro   0x00000f36       0x33 Drivers/STM32F4xx_HAL_Driver/Src/stm32f4xx_hal.o
 .debug_macro   0x00000f69       0x28 Drivers/STM32F4xx_HAL_Driver/Src/stm32f4xx_hal.o
 .debug_macro   0x00000f91       0x22 Drivers/STM32F4xx_HAL_Driver/Src/stm32f4xx_hal.o
 .debug_macro   0x00000fb3       0x87 Drivers/STM32F4xx_HAL_Driver/Src/stm32f4xx_hal.o
 .debug_macro   0x0000103a       0x51 Drivers/STM32F4xx_HAL_Driver/Src/stm32f4xx_hal.o
 .debug_macro   0x0000108b       0xef Drivers/STM32F4xx_HAL_Driver/Src/stm32f4xx_hal.o
 .debug_macro   0x0000117a       0x6a Drivers/STM32F4xx_HAL_Driver/Src/stm32f4xx_hal.o
 .debug_macro   0x000011e4      0x1df Drivers/STM32F4xx_HAL_Driver/Src/stm32f4xx_hal.o
 .debug_macro   0x000013c3       0x35 Drivers/STM32F4xx_HAL_Driver/Src/stm32f4xx_hal.o
 .debug_macro   0x000013f8       0x50 Drivers/STM32F4xx_HAL_Driver/Src/stm32f4xx_hal.o
 .debug_macro   0x00001448      0xe66 Drivers/STM32F4xx_HAL_Driver/Src/stm32f4xx_hal.o
 .debug_macro   0x000022ae    0x15e04 Drivers/STM32F4xx_HAL_Driver/Src/stm32f4xx_hal.o
 .debug_macro   0x000180b2       0x43 Drivers/STM32F4xx_HAL_Driver/Src/stm32f4xx_hal.o
 .debug_macro   0x000180f5     0x3574 Drivers/STM32F4xx_HAL_Driver/Src/stm32f4xx_hal.o
 .debug_macro   0x0001b669       0x58 Drivers/STM32F4xx_HAL_Driver/Src/stm32f4xx_hal.o
 .debug_macro   0x0001b6c1       0x35 Drivers/STM32F4xx_HAL_Driver/Src/stm32f4xx_hal.o
 .debug_macro   0x0001b6f6       0x9c Drivers/STM32F4xx_HAL_Driver/Src/stm32f4xx_hal.o
 .debug_macro   0x0001b792       0x16 Drivers/STM32F4xx_HAL_Driver/Src/stm32f4xx_hal.o
 .debug_macro   0x0001b7a8       0x97 Drivers/STM32F4xx_HAL_Driver/Src/stm32f4xx_hal.o
 .debug_macro   0x0001b83f      0x330 Drivers/STM32F4xx_HAL_Driver/Src/stm32f4xx_hal.o
 .debug_macro   0x0001bb6f       0xfd Drivers/STM32F4xx_HAL_Driver/Src/stm32f4xx_hal.o
 .debug_macro   0x0001bc6c       0x10 Drivers/STM32F4xx_HAL_Driver/Src/stm32f4xx_hal.o
 .debug_macro   0x0001bc7c       0x58 Drivers/STM32F4xx_HAL_Driver/Src/stm32f4xx_hal.o
 .debug_macro   0x0001bcd4       0x1f Drivers/STM32F4xx_HAL_Driver/Src/stm32f4xx_hal.o
 .debug_macro   0x0001bcf3       0x43 Drivers/STM32F4xx_HAL_Driver/Src/stm32f4xx_hal.o
 .debug_macro   0x0001bd36       0x20 Drivers/STM32F4xx_HAL_Driver/Src/stm32f4xx_hal.o
 .debug_macro   0x0001bd56      0x187 Drivers/STM32F4xx_HAL_Driver/Src/stm32f4xx_hal.o
 .debug_macro   0x0001bedd       0x10 Drivers/STM32F4xx_HAL_Driver/Src/stm32f4xx_hal.o
 .debug_macro   0x0001beed       0x1c Drivers/STM32F4xx_HAL_Driver/Src/stm32f4xx_hal.o
 .debug_macro   0x0001bf09       0x52 Drivers/STM32F4xx_HAL_Driver/Src/stm32f4xx_hal.o
 .debug_macro   0x0001bf5b       0x40 Drivers/STM32F4xx_HAL_Driver/Src/stm32f4xx_hal.o
 .debug_macro   0x0001bf9b       0x10 Drivers/STM32F4xx_HAL_Driver/Src/stm32f4xx_hal.o
 .debug_macro   0x0001bfab       0x40 Drivers/STM32F4xx_HAL_Driver/Src/stm32f4xx_hal.o
 .debug_macro   0x0001bfeb       0xd7 Drivers/STM32F4xx_HAL_Driver/Src/stm32f4xx_hal.o
 .debug_macro   0x0001c0c2       0x16 Drivers/STM32F4xx_HAL_Driver/Src/stm32f4xx_hal.o
 .debug_macro   0x0001c0d8      0x18b Drivers/STM32F4xx_HAL_Driver/Src/stm32f4xx_hal.o
 .debug_macro   0x0001c263       0x50 Drivers/STM32F4xx_HAL_Driver/Src/stm32f4xx_hal.o
 .debug_macro   0x0001c2b3      0x96b Drivers/STM32F4xx_HAL_Driver/Src/stm32f4xx_hal.o
 .debug_macro   0x0001cc1e      0x9e1 Drivers/STM32F4xx_HAL_Driver/Src/stm32f4xx_hal.o
 .debug_macro   0x0001d5ff      0x11e Drivers/STM32F4xx_HAL_Driver/Src/stm32f4xx_hal.o
 .debug_macro   0x0001d71d      0x13e Drivers/STM32F4xx_HAL_Driver/Src/stm32f4xx_hal.o
 .debug_macro   0x0001d85b       0x27 Drivers/STM32F4xx_HAL_Driver/Src/stm32f4xx_hal.o
 .debug_macro   0x0001d882      0x287 Drivers/STM32F4xx_HAL_Driver/Src/stm32f4xx_hal.o
 .debug_macro   0x0001db09       0x5f Drivers/STM32F4xx_HAL_Driver/Src/stm32f4xx_hal.o
 .debug_macro   0x0001db68      0x23a Drivers/STM32F4xx_HAL_Driver/Src/stm32f4xx_hal.o
 .debug_macro   0x0001dda2      0x133 Drivers/STM32F4xx_HAL_Driver/Src/stm32f4xx_hal.o
 .debug_macro   0x0001ded5      0x21e Drivers/STM32F4xx_HAL_Driver/Src/stm32f4xx_hal.o
 .debug_macro   0x0001e0f3       0x2e Drivers/STM32F4xx_HAL_Driver/Src/stm32f4xx_hal.o
 .debug_macro   0x0001e121      0x11e Drivers/STM32F4xx_HAL_Driver/Src/stm32f4xx_hal.o
 .debug_macro   0x0001e23f       0x7f Drivers/STM32F4xx_HAL_Driver/Src/stm32f4xx_hal.o
 .debug_macro   0x0001e2be       0x89 Drivers/STM32F4xx_HAL_Driver/Src/stm32f4xx_hal.o
 .debug_macro   0x0001e347      0x845 Drivers/STM32F4xx_HAL_Driver/Src/stm32f4xx_hal.o
 .debug_macro   0x0001eb8c      0x198 Drivers/STM32F4xx_HAL_Driver/Src/stm32f4xx_hal.o
 .debug_macro   0x0001ed24      0x125 Drivers/STM32F4xx_HAL_Driver/Src/stm32f4xx_hal.o
 .debug_macro   0x0001ee49      0x30f Drivers/STM32F4xx_HAL_Driver/Src/stm32f4xx_hal_cortex.o
 .debug_macro   0x0001f158      0x347 Drivers/STM32F4xx_HAL_Driver/Src/stm32f4xx_hal_gpio.o
 .debug_macro   0x0001f49f      0x339 Drivers/STM32F4xx_HAL_Driver/Src/stm32f4xx_hal_rcc.o
 .debug_macro   0x0001f7d8      0x310 Drivers/STM32F4xx_HAL_Driver/Src/stm32f4xx_hal_sd.o
 .debug_macro   0x0001fae8      0x310 Drivers/STM32F4xx_HAL_Driver/Src/stm32f4xx_ll_sdmmc.o
 .debug_macro   0x0001fdf8      0x358 Middlewares/Third_Party/FatFs/src/diskio.o
 .debug_macro   0x00020150       0x16 Middlewares/Third_Party/FatFs/src/diskio.o
 .debug_macro   0x00020166       0x7c Middlewares/Third_Party/FatFs/src/diskio.o
 .debug_macro   0x000201e2       0x3a Middlewares/Third_Party/FatFs/src/diskio.o
 .debug_macro   0x0002021c       0xda Middlewares/Third_Party/FatFs/src/diskio.o
 .debug_macro   0x000202f6       0xee Middlewares/Third_Party/FatFs/src/diskio.o
 .debug_macro   0x000203e4      0x59f Middlewares/Third_Party/FatFs/src/ff.o
 .debug_macro   0x00020983       0x8e Middlewares/Third_Party/FatFs/src/ff.o
 .debug_macro   0x00020a11       0x4c Middlewares/Third_Party/FatFs/src/ff.o
 .debug_macro   0x00020a5d      0x358 Middlewares/Third_Party/FatFs/src/ff_gen_drv.o
 .debug_macro   0x00020db5      0x373 Middlewares/Third_Party/FatFs/src/drivers/sd_diskio.o
 .debug_macro   0x00021128       0x52 Middlewares/Third_Party/FatFs/src/drivers/sd_diskio.o
 .debug_macro   0x0002117a       0x8d Middlewares/Third_Party/FatFs/src/drivers/sd_diskio.o
 .debug_macro   0x00021207      0x174 Middlewares/Third_Party/FatFs/src/drivers/sd_diskio.o
 .debug_macro   0x0002137b       0x57 Middlewares/Third_Party/FatFs/src/drivers/sd_diskio.o
 .debug_macro   0x000213d2       0x10 Middlewares/Third_Party/FatFs/src/drivers/sd_diskio.o
 .debug_macro   0x000213e2       0x35 Middlewares/Third_Party/FatFs/src/drivers/sd_diskio.o
 .debug_macro   0x00021417       0x1c Middlewares/Third_Party/FatFs/src/drivers/sd_diskio.o
 .debug_macro   0x00021433      0x31e Src/bsp_driver_sd.o
 .debug_macro   0x00021751       0x34 Src/bsp_driver_sd.o
 .debug_macro   0x00021785      0x36b Src/fatfs.o
 .debug_macro   0x00021af0      0x36f Src/main.o
 .debug_macro   0x00021e5f      0x30f Src/stm32f4xx_hal_msp.o
 .debug_macro   0x0002216e      0x319 Src/stm32f4xx_it.o
 .debug_macro   0x00022487      0x315 Src/system_stm32f4xx.o

.debug_line     0x00000000     0xaeab
 .debug_line    0x00000000      0x9c8 Drivers/STM32F4xx_HAL_Driver/Src/stm32f4xx_hal.o
 .debug_line    0x000009c8      0xa35 Drivers/STM32F4xx_HAL_Driver/Src/stm32f4xx_hal_cortex.o
 .debug_line    0x000013fd      0x9a9 Drivers/STM32F4xx_HAL_Driver/Src/stm32f4xx_hal_gpio.o
 .debug_line    0x00001da6      0xb2e Drivers/STM32F4xx_HAL_Driver/Src/stm32f4xx_hal_rcc.o
 .debug_line    0x000028d4     0x1042 Drivers/STM32F4xx_HAL_Driver/Src/stm32f4xx_hal_sd.o
 .debug_line    0x00003916      0xc90 Drivers/STM32F4xx_HAL_Driver/Src/stm32f4xx_ll_sdmmc.o
 .debug_line    0x000045a6      0x8d8 Middlewares/Third_Party/FatFs/src/diskio.o
 .debug_line    0x00004e7e     0x17e8 Middlewares/Third_Party/FatFs/src/ff.o
 .debug_line    0x00006666      0x8dd Middlewares/Third_Party/FatFs/src/ff_gen_drv.o
 .debug_line    0x00006f43      0x984 Middlewares/Third_Party/FatFs/src/drivers/sd_diskio.o
 .debug_line    0x000078c7      0x925 Src/bsp_driver_sd.o
 .debug_line    0x000081ec      0x95a Src/fatfs.o
 .debug_line    0x00008b46      0xa23 Src/main.o
 .debug_line    0x00009569      0x855 Src/stm32f4xx_hal_msp.o
 .debug_line    0x00009dbe      0x825 Src/stm32f4xx_it.o
 .debug_line    0x0000a5e3      0x849 Src/system_stm32f4xx.o
 .debug_line    0x0000ae2c       0x7f startup/startup_stm32f407xx.o

.debug_str      0x00000000    0xc0fb0
 .debug_str     0x00000000    0xbda63 Drivers/STM32F4xx_HAL_Driver/Src/stm32f4xx_hal.o
                              0xbde53 (size before relaxing)
 .debug_str     0x000bda63      0x3ae Drivers/STM32F4xx_HAL_Driver/Src/stm32f4xx_hal_cortex.o
                              0xbdc19 (size before relaxing)
 .debug_str     0x000bde11      0x292 Drivers/STM32F4xx_HAL_Driver/Src/stm32f4xx_hal_gpio.o
                              0xbd5a7 (size before relaxing)
 .debug_str     0x000be0a3      0x380 Drivers/STM32F4xx_HAL_Driver/Src/stm32f4xx_hal_rcc.o
                              0xbd778 (size before relaxing)
 .debug_str     0x000be423      0xe10 Drivers/STM32F4xx_HAL_Driver/Src/stm32f4xx_hal_sd.o
                              0xbe15f (size before relaxing)
 .debug_str     0x000bf233      0x1fc Drivers/STM32F4xx_HAL_Driver/Src/stm32f4xx_ll_sdmmc.o
                              0xbd7d1 (size before relaxing)
 .debug_str     0x000bf42f      0x977 Middlewares/Third_Party/FatFs/src/diskio.o
                              0xbdb34 (size before relaxing)
 .debug_str     0x000bfda6      0xdcf Middlewares/Third_Party/FatFs/src/ff.o
                              0xbe936 (size before relaxing)
 .debug_str     0x000c0b75       0xa2 Middlewares/Third_Party/FatFs/src/ff_gen_drv.o
                              0xbdb85 (size before relaxing)
 .debug_str     0x000c0c17       0xf2 Middlewares/Third_Party/FatFs/src/drivers/sd_diskio.o
                              0xbdc35 (size before relaxing)
 .debug_str     0x000c0d09      0x12a Src/bsp_driver_sd.o
                              0xbda78 (size before relaxing)
 .debug_str     0x000c0e33       0x53 Src/fatfs.o
                              0xbdbf6 (size before relaxing)
 .debug_str     0x000c0e86       0x7d Src/main.o
                              0xbeaac (size before relaxing)
 .debug_str     0x000c0f03       0x1b Src/stm32f4xx_hal_msp.o
                              0xbdd39 (size before relaxing)
 .debug_str     0x000c0f1e       0x38 Src/stm32f4xx_it.o
                              0xbd203 (size before relaxing)
 .debug_str     0x000c0f56       0x5a Src/system_stm32f4xx.o
                              0xbd363 (size before relaxing)

.comment        0x00000000       0x7f
 .comment       0x00000000       0x7f Drivers/STM32F4xx_HAL_Driver/Src/stm32f4xx_hal.o
                                 0x80 (size before relaxing)
 .comment       0x0000007f       0x80 Drivers/STM32F4xx_HAL_Driver/Src/stm32f4xx_hal_cortex.o
 .comment       0x0000007f       0x80 Drivers/STM32F4xx_HAL_Driver/Src/stm32f4xx_hal_gpio.o
 .comment       0x0000007f       0x80 Drivers/STM32F4xx_HAL_Driver/Src/stm32f4xx_hal_rcc.o
 .comment       0x0000007f       0x80 Drivers/STM32F4xx_HAL_Driver/Src/stm32f4xx_hal_sd.o
 .comment       0x0000007f       0x80 Drivers/STM32F4xx_HAL_Driver/Src/stm32f4xx_ll_sdmmc.o
 .comment       0x0000007f       0x80 Middlewares/Third_Party/FatFs/src/diskio.o
 .comment       0x0000007f       0x80 Middlewares/Third_Party/FatFs/src/ff.o
 .comment       0x0000007f       0x80 Middlewares/Third_Party/FatFs/src/ff_gen_drv.o
 .comment       0x0000007f       0x80 Middlewares/Third_Party/FatFs/src/drivers/sd_diskio.o
 .comment       0x0000007f       0x80 Src/bsp_driver_sd.o
 .comment       0x0000007f       0x80 Src/fatfs.o
 .comment       0x0000007f       0x80 Src/main.o
 .comment       0x0000007f       0x80 Src/stm32f4xx_hal_msp.o
 .comment       0x0000007f       0x80 Src/stm32f4xx_it.o
 .comment       0x0000007f       0x80 Src/system_stm32f4xx.o

.debug_frame    0x00000000     0x1a8c
 .debug_frame   0x00000000      0x198 Drivers/STM32F4xx_HAL_Driver/Src/stm32f4xx_hal.o
 .debug_frame   0x00000198      0x15c Drivers/STM32F4xx_HAL_Driver/Src/stm32f4xx_hal_cortex.o
 .debug_frame   0x000002f4       0xd0 Drivers/STM32F4xx_HAL_Driver/Src/stm32f4xx_hal_gpio.o
 .debug_frame   0x000003c4      0x13c Drivers/STM32F4xx_HAL_Driver/Src/stm32f4xx_hal_rcc.o
 .debug_frame   0x00000500      0x4ac Drivers/STM32F4xx_HAL_Driver/Src/stm32f4xx_hal_sd.o
 .debug_frame   0x000009ac      0x494 Drivers/STM32F4xx_HAL_Driver/Src/stm32f4xx_ll_sdmmc.o
 .debug_frame   0x00000e40       0xa0 Middlewares/Third_Party/FatFs/src/diskio.o
 .debug_frame   0x00000ee0      0x780 Middlewares/Third_Party/FatFs/src/ff.o
 .debug_frame   0x00001660       0x7c Middlewares/Third_Party/FatFs/src/ff_gen_drv.o
 .debug_frame   0x000016dc       0x90 Middlewares/Third_Party/FatFs/src/drivers/sd_diskio.o
 .debug_frame   0x0000176c      0x168 Src/bsp_driver_sd.o
 .debug_frame   0x000018d4       0x38 Src/fatfs.o
 .debug_frame   0x0000190c       0x98 Src/main.o
 .debug_frame   0x000019a4       0x64 Src/stm32f4xx_hal_msp.o
 .debug_frame   0x00001a08       0x28 Src/stm32f4xx_it.o
 .debug_frame   0x00001a30       0x30 Src/system_stm32f4xx.o
 .debug_frame   0x00001a60       0x2c c:/ac6/systemworkbench/plugins/fr.ac6.mcu.externaltools.arm-none.win32_1.15.0.201708311556/tools/compiler/bin/../lib/gcc/arm-none-eabi/6.3.1/../../../../arm-none-eabi/lib/thumb/v7e-m/fpv4-sp/hard\libc_nano.a(lib_a-init.o)
